// Jest Snapshot v1, https://goo.gl/fbAQLP

exports[`Test app 1`] = `
<p>
  Hello World !!
</p>
`;
